// Jest Snapshot v1, https://goo.gl/fbAQLP

exports[`UserView User Render  renders the User component 1`] = `
<div class="user">
  <p> </p>
</div>
`;
